// Jest Snapshot v1, https://goo.gl/fbAQLP

exports[`renders Home correctly 1`] = `
Array [
  <header>
    <div
      className="header-wrapper"
    >
      <h2>
        Find your movie
      </h2>
      <span
        className="ant-input-group-wrapper"
      >
        <span
          className="ant-input-wrapper ant-input-group"
        >
          <input
            className="ant-input"
            disabled={false}
            onChange={[Function]}
            onKeyDown={[Function]}
            style={null}
            type="text"
            value=""
          />
          <span
            className="ant-input-group-addon"
          >
            <i
              aria-label="icon: rollback"
              className="anticon anticon-rollback"
            >
              <svg
                aria-hidden="true"
                className=""
                data-icon="rollback"
                fill="currentColor"
                height="1em"
                viewBox="64 64 896 896"
                width="1em"
              >
                <path
                  d="M793 242H366v-74c0-6.7-7.7-10.4-12.9-6.3l-142 112a8 8 0 0 0 0 12.6l142 112c5.2 4.1 12.9.4 12.9-6.3v-74h415v470H175c-4.4 0-8 3.6-8 8v60c0 4.4 3.6 8 8 8h618c35.3 0 64-28.7 64-64V306c0-35.3-28.7-64-64-64z"
                />
              </svg>
            </i>
          </span>
        </span>
      </span>
      <div
        className="header-bottom"
      >
        <div
          className="ant-radio-group ant-radio-group-outline"
        >
          <span
            className="search-by"
          >
            Search by
          </span>
          <label
            className="ant-radio-wrapper"
          >
            <span
              className="ant-radio"
              style={Object {}}
            >
              <input
                checked={false}
                className="ant-radio-input"
                disabled={false}
                onBlur={[Function]}
                onChange={[Function]}
                onFocus={[Function]}
                type="radio"
                value="title"
              />
              <span
                className="ant-radio-inner"
              />
            </span>
            <span>
              Title
            </span>
          </label>
          <label
            className="ant-radio-wrapper"
          >
            <span
              className="ant-radio"
              style={Object {}}
            >
              <input
                checked={false}
                className="ant-radio-input"
                disabled={false}
                onBlur={[Function]}
                onChange={[Function]}
                onFocus={[Function]}
                type="radio"
                value="genre"
              />
              <span
                className="ant-radio-inner"
              />
            </span>
            <span>
              Genre
            </span>
          </label>
        </div>
        <button
          className="ant-btn ant-btn-primary"
          onClick={[Function]}
          type="submit"
        >
          <span>
            Search
          </span>
        </button>
      </div>
    </div>
  </header>,
  <div
    className="movies-container-bar"
  >
    <div
      className="movies-found"
    >
      0
       movies found
    </div>
    <div>
      <span>
        Sort by:
      </span>
      <div
        className="ant-radio-group ant-radio-group-outline"
      >
        <label
          className="ant-radio-wrapper"
        >
          <span
            className="ant-radio"
            style={Object {}}
          >
            <input
              checked={false}
              className="ant-radio-input"
              disabled={false}
              onBlur={[Function]}
              onChange={[Function]}
              onFocus={[Function]}
              type="radio"
              value="release_date"
            />
            <span
              className="ant-radio-inner"
            />
          </span>
          <span>
            release date
          </span>
        </label>
        <label
          className="ant-radio-wrapper"
        >
          <span
            className="ant-radio"
            style={Object {}}
          >
            <input
              checked={false}
              className="ant-radio-input"
              disabled={false}
              onBlur={[Function]}
              onChange={[Function]}
              onFocus={[Function]}
              type="radio"
              value="vote_average"
            />
            <span
              className="ant-radio-inner"
            />
          </span>
          <span>
            rating
          </span>
        </label>
      </div>
    </div>
  </div>,
  <div
    className="movies-container"
  >
    <div
      className="no-films-found"
    >
      No films found
    </div>
  </div>,
]
`;
